// Jest Snapshot v1, https://goo.gl/fbAQLP

exports[`Bar return Bar component 1`] = `
<nav
  className="navbar"
>
  <h1
    className="title"
  >
    <i
      className="fas fa-tint"
    />
    Â 
    testTitle
  </h1>
</nav>
`;
